Starting up http-server, serving build

http-server version: 14.1.1

http-server settings: 
CORS: disabled
Cache: -1 seconds
Connection Timeout: 120 seconds
Directory Listings: visible
AutoIndex: visible
Serve GZIP Files: false
Serve Brotli Files: false
Default File Extension: none

Available on:
  http://192.168.1.15:8090
  http://192.168.56.1:8090
  http://127.0.0.1:8090
Hit CTRL-C to stop the server

[2026-09-07T03:00:07.508Z]  "GET /" "Mozilla/5.0 (Web0S; Linux/SmartTV) AppleWebKit/537.36 (KHTML, like Gecko) Chrome/68.0.3440.106 Safari/537.36 WebAppManager"
[2026-09-07T03:00:07.527Z]  "GET /c481b4ee6204120b7f96df01bbbbe5eb28c82c31/styles/main.css" "Mozilla/5.0 (Web0S; Linux/SmartTV) AppleWebKit/537.36 (KHTML, like Gecko) Chrome/68.0.3440.106 Safari/537.36 WebAppManager"
[2026-09-07T03:00:07.584Z]  "GET /c481b4ee6204120b7f96df01bbbbe5eb28c82c31/scripts/main.js" "Mozilla/5.0 (Web0S; Linux/SmartTV) AppleWebKit/537.36 (KHTML, like Gecko) Chrome/68.0.3440.106 Safari/537.36 WebAppManager"
[2026-09-07T03:00:07.585Z]  "GET /c481b4ee6204120b7f96df01bbbbe5eb28c82c31/scripts/worker.js" "Mozilla/5.0 (Web0S; Linux/SmartTV) AppleWebKit/537.36 (KHTML, like Gecko) Chrome/68.0.3440.106 Safari/537.36 WebAppManager"
[2026-09-07T03:04:56.346Z]  "GET /" "Mozilla/5.0 (Web0S; Linux/SmartTV) AppleWebKit/537.36 (KHTML, like Gecko) Chrome/68.0.3440.106 Safari/537.36 WebAppManager"
[2026-09-07T03:04:56.363Z]  "GET /webos/webOSTV.js" "Mozilla/5.0 (Web0S; Linux/SmartTV) AppleWebKit/537.36 (KHTML, like Gecko) Chrome/68.0.3440.106 Safari/537.36 WebAppManager"
[2026-09-07T03:04:56.368Z]  "GET /c481b4ee6204120b7f96df01bbbbe5eb28c82c31/styles/main.css" "Mozilla/5.0 (Web0S; Linux/SmartTV) AppleWebKit/537.36 (KHTML, like Gecko) Chrome/68.0.3440.106 Safari/537.36 WebAppManager"
[2026-09-07T03:04:56.369Z]  "GET /c481b4ee6204120b7f96df01bbbbe5eb28c82c31/scripts/main.js" "Mozilla/5.0 (Web0S; Linux/SmartTV) AppleWebKit/537.36 (KHTML, like Gecko) Chrome/68.0.3440.106 Safari/537.36 WebAppManager"
[2026-09-07T03:04:56.370Z]  "GET /c481b4ee6204120b7f96df01bbbbe5eb28c82c31/scripts/worker.js" "Mozilla/5.0 (Web0S; Linux/SmartTV) AppleWebKit/537.36 (KHTML, like Gecko) Chrome/68.0.3440.106 Safari/537.36 WebAppManager"
[2026-09-07T03:04:56.889Z]  "GET /c481b4ee6204120b7f96df01bbbbe5eb28c82c31/scripts/worker.js" "Mozilla/5.0 (Web0S; Linux/SmartTV) AppleWebKit/537.36 (KHTML, like Gecko) Chrome/68.0.3440.106 Safari/537.36 WebAppManager"
[2026-09-07T03:04:57.410Z]  "GET /c481b4ee6204120b7f96df01bbbbe5eb28c82c31/binaries/stremio_core_web_bg.wasm" "Mozilla/5.0 (Web0S; Linux/SmartTV) AppleWebKit/537.36 (KHTML, like Gecko) Chrome/68.0.3440.106 Safari/537.36 WebAppManager"
[2026-09-07T03:04:59.752Z]  "GET /fonts/PlusJakartaSans.ttf" "Mozilla/5.0 (Web0S; Linux/SmartTV) AppleWebKit/537.36 (KHTML, like Gecko) Chrome/68.0.3440.106 Safari/537.36 WebAppManager"
[2026-09-07T03:04:59.801Z]  "GET /images/stremio_symbol.png" "Mozilla/5.0 (Web0S; Linux/SmartTV) AppleWebKit/537.36 (KHTML, like Gecko) Chrome/68.0.3440.106 Safari/537.36 WebAppManager"
[2026-09-07T03:04:59.846Z]  "GET /images/stremio_symbol.png" "Mozilla/5.0 (Web0S; Linux/SmartTV) AppleWebKit/537.36 (KHTML, like Gecko) Chrome/68.0.3440.106 Safari/537.36 WebAppManager"
[2026-09-07T03:05:02.110Z]  "GET /c481b4ee6204120b7f96df01bbbbe5eb28c82c31/styles/main.css" "Mozilla/5.0 (Web0S; Linux/SmartTV) AppleWebKit/537.36 (KHTML, like Gecko) Chrome/68.0.3440.106 Safari/537.36 WebAppManager"
[2026-09-07T03:05:04.534Z]  "GET /" "Mozilla/5.0 (Web0S; Linux/SmartTV) AppleWebKit/537.36 (KHTML, like Gecko) Chrome/68.0.3440.106 Safari/537.36 WebAppManager"
[2026-09-07T03:05:04.557Z]  "GET /webos/webOSTV.js" "Mozilla/5.0 (Web0S; Linux/SmartTV) AppleWebKit/537.36 (KHTML, like Gecko) Chrome/68.0.3440.106 Safari/537.36 WebAppManager"
[2026-09-07T03:05:04.558Z]  "GET /c481b4ee6204120b7f96df01bbbbe5eb28c82c31/scripts/main.js" "Mozilla/5.0 (Web0S; Linux/SmartTV) AppleWebKit/537.36 (KHTML, like Gecko) Chrome/68.0.3440.106 Safari/537.36 WebAppManager"
[2026-09-07T03:05:04.559Z]  "GET /c481b4ee6204120b7f96df01bbbbe5eb28c82c31/styles/main.css" "Mozilla/5.0 (Web0S; Linux/SmartTV) AppleWebKit/537.36 (KHTML, like Gecko) Chrome/68.0.3440.106 Safari/537.36 WebAppManager"
[2026-09-07T03:05:04.565Z]  "GET /c481b4ee6204120b7f96df01bbbbe5eb28c82c31/scripts/worker.js" "Mozilla/5.0 (Web0S; Linux/SmartTV) AppleWebKit/537.36 (KHTML, like Gecko) Chrome/68.0.3440.106 Safari/537.36 WebAppManager"
[2026-09-07T03:05:05.063Z]  "GET /c481b4ee6204120b7f96df01bbbbe5eb28c82c31/scripts/worker.js" "Mozilla/5.0 (Web0S; Linux/SmartTV) AppleWebKit/537.36 (KHTML, like Gecko) Chrome/68.0.3440.106 Safari/537.36 WebAppManager"
[2026-09-07T03:05:05.526Z]  "GET /c481b4ee6204120b7f96df01bbbbe5eb28c82c31/binaries/stremio_core_web_bg.wasm" "Mozilla/5.0 (Web0S; Linux/SmartTV) AppleWebKit/537.36 (KHTML, like Gecko) Chrome/68.0.3440.106 Safari/537.36 WebAppManager"
[2026-09-07T03:05:07.798Z]  "GET /fonts/PlusJakartaSans.ttf" "Mozilla/5.0 (Web0S; Linux/SmartTV) AppleWebKit/537.36 (KHTML, like Gecko) Chrome/68.0.3440.106 Safari/537.36 WebAppManager"
[2026-09-07T03:05:07.835Z]  "GET /images/stremio_symbol.png" "Mozilla/5.0 (Web0S; Linux/SmartTV) AppleWebKit/537.36 (KHTML, like Gecko) Chrome/68.0.3440.106 Safari/537.36 WebAppManager"
[2026-09-07T03:05:07.853Z]  "GET /images/stremio_symbol.png" "Mozilla/5.0 (Web0S; Linux/SmartTV) AppleWebKit/537.36 (KHTML, like Gecko) Chrome/68.0.3440.106 Safari/537.36 WebAppManager"
[2026-09-07T03:05:07.944Z]  "GET /images/stremio_symbol.png" "Mozilla/5.0 (Web0S; Linux/SmartTV) AppleWebKit/537.36 (KHTML, like Gecko) Chrome/68.0.3440.106 Safari/537.36 WebAppManager"
[2026-09-07T03:05:07.992Z]  "GET /images/anonymous.png" "Mozilla/5.0 (Web0S; Linux/SmartTV) AppleWebKit/537.36 (KHTML, like Gecko) Chrome/68.0.3440.106 Safari/537.36 WebAppManager"
[2026-09-07T03:05:10.280Z]  "GET /c481b4ee6204120b7f96df01bbbbe5eb28c82c31/styles/main.css" "Mozilla/5.0 (Web0S; Linux/SmartTV) AppleWebKit/537.36 (KHTML, like Gecko) Chrome/68.0.3440.106 Safari/537.36 WebAppManager"
[2026-09-07T03:05:11.453Z]  "GET /" "Mozilla/5.0 (Web0S; Linux/SmartTV) AppleWebKit/537.36 (KHTML, like Gecko) Chrome/68.0.3440.106 Safari/537.36 WebAppManager"
[2026-09-07T03:05:11.488Z]  "GET /webos/webOSTV.js" "Mozilla/5.0 (Web0S; Linux/SmartTV) AppleWebKit/537.36 (KHTML, like Gecko) Chrome/68.0.3440.106 Safari/537.36 WebAppManager"
[2026-09-07T03:05:11.493Z]  "GET /c481b4ee6204120b7f96df01bbbbe5eb28c82c31/styles/main.css" "Mozilla/5.0 (Web0S; Linux/SmartTV) AppleWebKit/537.36 (KHTML, like Gecko) Chrome/68.0.3440.106 Safari/537.36 WebAppManager"
[2026-09-07T03:05:11.494Z]  "GET /c481b4ee6204120b7f96df01bbbbe5eb28c82c31/scripts/main.js" "Mozilla/5.0 (Web0S; Linux/SmartTV) AppleWebKit/537.36 (KHTML, like Gecko) Chrome/68.0.3440.106 Safari/537.36 WebAppManager"
[2026-09-07T03:05:11.494Z]  "GET /c481b4ee6204120b7f96df01bbbbe5eb28c82c31/scripts/worker.js" "Mozilla/5.0 (Web0S; Linux/SmartTV) AppleWebKit/537.36 (KHTML, like Gecko) Chrome/68.0.3440.106 Safari/537.36 WebAppManager"
[2026-09-07T03:05:11.999Z]  "GET /c481b4ee6204120b7f96df01bbbbe5eb28c82c31/scripts/worker.js" "Mozilla/5.0 (Web0S; Linux/SmartTV) AppleWebKit/537.36 (KHTML, like Gecko) Chrome/68.0.3440.106 Safari/537.36 WebAppManager"
[2026-09-07T03:05:12.459Z]  "GET /c481b4ee6204120b7f96df01bbbbe5eb28c82c31/binaries/stremio_core_web_bg.wasm" "Mozilla/5.0 (Web0S; Linux/SmartTV) AppleWebKit/537.36 (KHTML, like Gecko) Chrome/68.0.3440.106 Safari/537.36 WebAppManager"
[2026-09-07T03:05:14.764Z]  "GET /fonts/PlusJakartaSans.ttf" "Mozilla/5.0 (Web0S; Linux/SmartTV) AppleWebKit/537.36 (KHTML, like Gecko) Chrome/68.0.3440.106 Safari/537.36 WebAppManager"
[2026-09-07T03:05:14.787Z]  "GET /images/stremio_symbol.png" "Mozilla/5.0 (Web0S; Linux/SmartTV) AppleWebKit/537.36 (KHTML, like Gecko) Chrome/68.0.3440.106 Safari/537.36 WebAppManager"
[2026-09-07T03:05:14.814Z]  "GET /images/stremio_symbol.png" "Mozilla/5.0 (Web0S; Linux/SmartTV) AppleWebKit/537.36 (KHTML, like Gecko) Chrome/68.0.3440.106 Safari/537.36 WebAppManager"
[2026-09-07T03:05:14.824Z]  "GET /images/library_placeholder.png" "Mozilla/5.0 (Web0S; Linux/SmartTV) AppleWebKit/537.36 (KHTML, like Gecko) Chrome/68.0.3440.106 Safari/537.36 WebAppManager"
[2026-09-07T03:05:17.119Z]  "GET /c481b4ee6204120b7f96df01bbbbe5eb28c82c31/styles/main.css" "Mozilla/5.0 (Web0S; Linux/SmartTV) AppleWebKit/537.36 (KHTML, like Gecko) Chrome/68.0.3440.106 Safari/537.36 WebAppManager"
[2026-09-07T03:05:18.009Z]  "GET /" "Mozilla/5.0 (Web0S; Linux/SmartTV) AppleWebKit/537.36 (KHTML, like Gecko) Chrome/68.0.3440.106 Safari/537.36 WebAppManager"
[2026-09-07T03:05:18.042Z]  "GET /webos/webOSTV.js" "Mozilla/5.0 (Web0S; Linux/SmartTV) AppleWebKit/537.36 (KHTML, like Gecko) Chrome/68.0.3440.106 Safari/537.36 WebAppManager"
[2026-09-07T03:05:18.043Z]  "GET /c481b4ee6204120b7f96df01bbbbe5eb28c82c31/styles/main.css" "Mozilla/5.0 (Web0S; Linux/SmartTV) AppleWebKit/537.36 (KHTML, like Gecko) Chrome/68.0.3440.106 Safari/537.36 WebAppManager"
[2026-09-07T03:05:18.043Z]  "GET /c481b4ee6204120b7f96df01bbbbe5eb28c82c31/scripts/main.js" "Mozilla/5.0 (Web0S; Linux/SmartTV) AppleWebKit/537.36 (KHTML, like Gecko) Chrome/68.0.3440.106 Safari/537.36 WebAppManager"
[2026-09-07T03:05:18.044Z]  "GET /c481b4ee6204120b7f96df01bbbbe5eb28c82c31/scripts/worker.js" "Mozilla/5.0 (Web0S; Linux/SmartTV) AppleWebKit/537.36 (KHTML, like Gecko) Chrome/68.0.3440.106 Safari/537.36 WebAppManager"
[2026-09-07T03:05:18.562Z]  "GET /c481b4ee6204120b7f96df01bbbbe5eb28c82c31/scripts/worker.js" "Mozilla/5.0 (Web0S; Linux/SmartTV) AppleWebKit/537.36 (KHTML, like Gecko) Chrome/68.0.3440.106 Safari/537.36 WebAppManager"
[2026-09-07T03:05:19.036Z]  "GET /c481b4ee6204120b7f96df01bbbbe5eb28c82c31/binaries/stremio_core_web_bg.wasm" "Mozilla/5.0 (Web0S; Linux/SmartTV) AppleWebKit/537.36 (KHTML, like Gecko) Chrome/68.0.3440.106 Safari/537.36 WebAppManager"
[2026-09-07T03:05:21.405Z]  "GET /fonts/PlusJakartaSans.ttf" "Mozilla/5.0 (Web0S; Linux/SmartTV) AppleWebKit/537.36 (KHTML, like Gecko) Chrome/68.0.3440.106 Safari/537.36 WebAppManager"
[2026-09-07T03:05:21.432Z]  "GET /images/stremio_symbol.png" "Mozilla/5.0 (Web0S; Linux/SmartTV) AppleWebKit/537.36 (KHTML, like Gecko) Chrome/68.0.3440.106 Safari/537.36 WebAppManager"
[2026-09-07T03:05:21.451Z]  "GET /images/stremio_symbol.png" "Mozilla/5.0 (Web0S; Linux/SmartTV) AppleWebKit/537.36 (KHTML, like Gecko) Chrome/68.0.3440.106 Safari/537.36 WebAppManager"
[2026-09-07T03:05:23.720Z]  "GET /c481b4ee6204120b7f96df01bbbbe5eb28c82c31/styles/main.css" "Mozilla/5.0 (Web0S; Linux/SmartTV) AppleWebKit/537.36 (KHTML, like Gecko) Chrome/68.0.3440.106 Safari/537.36 WebAppManager"
[2026-09-07T03:05:24.858Z]  "GET /" "Mozilla/5.0 (Web0S; Linux/SmartTV) AppleWebKit/537.36 (KHTML, like Gecko) Chrome/68.0.3440.106 Safari/537.36 WebAppManager"
[2026-09-07T03:05:24.897Z]  "GET /webos/webOSTV.js" "Mozilla/5.0 (Web0S; Linux/SmartTV) AppleWebKit/537.36 (KHTML, like Gecko) Chrome/68.0.3440.106 Safari/537.36 WebAppManager"
[2026-09-07T03:05:24.899Z]  "GET /c481b4ee6204120b7f96df01bbbbe5eb28c82c31/styles/main.css" "Mozilla/5.0 (Web0S; Linux/SmartTV) AppleWebKit/537.36 (KHTML, like Gecko) Chrome/68.0.3440.106 Safari/537.36 WebAppManager"
[2026-09-07T03:05:24.901Z]  "GET /c481b4ee6204120b7f96df01bbbbe5eb28c82c31/scripts/main.js" "Mozilla/5.0 (Web0S; Linux/SmartTV) AppleWebKit/537.36 (KHTML, like Gecko) Chrome/68.0.3440.106 Safari/537.36 WebAppManager"
[2026-09-07T03:05:24.901Z]  "GET /c481b4ee6204120b7f96df01bbbbe5eb28c82c31/scripts/worker.js" "Mozilla/5.0 (Web0S; Linux/SmartTV) AppleWebKit/537.36 (KHTML, like Gecko) Chrome/68.0.3440.106 Safari/537.36 WebAppManager"
[2026-09-07T03:05:25.397Z]  "GET /c481b4ee6204120b7f96df01bbbbe5eb28c82c31/scripts/worker.js" "Mozilla/5.0 (Web0S; Linux/SmartTV) AppleWebKit/537.36 (KHTML, like Gecko) Chrome/68.0.3440.106 Safari/537.36 WebAppManager"
[2026-09-07T03:05:25.870Z]  "GET /c481b4ee6204120b7f96df01bbbbe5eb28c82c31/binaries/stremio_core_web_bg.wasm" "Mozilla/5.0 (Web0S; Linux/SmartTV) AppleWebKit/537.36 (KHTML, like Gecko) Chrome/68.0.3440.106 Safari/537.36 WebAppManager"
[2026-09-07T03:05:28.150Z]  "GET /fonts/PlusJakartaSans.ttf" "Mozilla/5.0 (Web0S; Linux/SmartTV) AppleWebKit/537.36 (KHTML, like Gecko) Chrome/68.0.3440.106 Safari/537.36 WebAppManager"
[2026-09-07T03:05:28.182Z]  "GET /images/stremio_symbol.png" "Mozilla/5.0 (Web0S; Linux/SmartTV) AppleWebKit/537.36 (KHTML, like Gecko) Chrome/68.0.3440.106 Safari/537.36 WebAppManager"
[2026-09-07T03:05:28.211Z]  "GET /images/stremio_symbol.png" "Mozilla/5.0 (Web0S; Linux/SmartTV) AppleWebKit/537.36 (KHTML, like Gecko) Chrome/68.0.3440.106 Safari/537.36 WebAppManager"
[2026-09-07T03:05:28.221Z]  "GET /images/calendar_placeholder.png" "Mozilla/5.0 (Web0S; Linux/SmartTV) AppleWebKit/537.36 (KHTML, like Gecko) Chrome/68.0.3440.106 Safari/537.36 WebAppManager"
[2026-09-07T03:05:30.528Z]  "GET /c481b4ee6204120b7f96df01bbbbe5eb28c82c31/styles/main.css" "Mozilla/5.0 (Web0S; Linux/SmartTV) AppleWebKit/537.36 (KHTML, like Gecko) Chrome/68.0.3440.106 Safari/537.36 WebAppManager"
[2026-09-07T03:05:31.419Z]  "GET /" "Mozilla/5.0 (Web0S; Linux/SmartTV) AppleWebKit/537.36 (KHTML, like Gecko) Chrome/68.0.3440.106 Safari/537.36 WebAppManager"
[2026-09-07T03:05:31.454Z]  "GET /webos/webOSTV.js" "Mozilla/5.0 (Web0S; Linux/SmartTV) AppleWebKit/537.36 (KHTML, like Gecko) Chrome/68.0.3440.106 Safari/537.36 WebAppManager"
[2026-09-07T03:05:31.456Z]  "GET /c481b4ee6204120b7f96df01bbbbe5eb28c82c31/styles/main.css" "Mozilla/5.0 (Web0S; Linux/SmartTV) AppleWebKit/537.36 (KHTML, like Gecko) Chrome/68.0.3440.106 Safari/537.36 WebAppManager"
[2026-09-07T03:05:31.456Z]  "GET /c481b4ee6204120b7f96df01bbbbe5eb28c82c31/scripts/main.js" "Mozilla/5.0 (Web0S; Linux/SmartTV) AppleWebKit/537.36 (KHTML, like Gecko) Chrome/68.0.3440.106 Safari/537.36 WebAppManager"
[2026-09-07T03:05:31.485Z]  "GET /c481b4ee6204120b7f96df01bbbbe5eb28c82c31/scripts/worker.js" "Mozilla/5.0 (Web0S; Linux/SmartTV) AppleWebKit/537.36 (KHTML, like Gecko) Chrome/68.0.3440.106 Safari/537.36 WebAppManager"
[2026-09-07T03:05:31.977Z]  "GET /c481b4ee6204120b7f96df01bbbbe5eb28c82c31/scripts/worker.js" "Mozilla/5.0 (Web0S; Linux/SmartTV) AppleWebKit/537.36 (KHTML, like Gecko) Chrome/68.0.3440.106 Safari/537.36 WebAppManager"
[2026-09-07T03:05:32.455Z]  "GET /c481b4ee6204120b7f96df01bbbbe5eb28c82c31/binaries/stremio_core_web_bg.wasm" "Mozilla/5.0 (Web0S; Linux/SmartTV) AppleWebKit/537.36 (KHTML, like Gecko) Chrome/68.0.3440.106 Safari/537.36 WebAppManager"
[2026-09-07T03:05:34.827Z]  "GET /fonts/PlusJakartaSans.ttf" "Mozilla/5.0 (Web0S; Linux/SmartTV) AppleWebKit/537.36 (KHTML, like Gecko) Chrome/68.0.3440.106 Safari/537.36 WebAppManager"
[2026-09-07T03:05:34.853Z]  "GET /images/stremio_symbol.png" "Mozilla/5.0 (Web0S; Linux/SmartTV) AppleWebKit/537.36 (KHTML, like Gecko) Chrome/68.0.3440.106 Safari/537.36 WebAppManager"
[2026-09-07T03:05:34.894Z]  "GET /images/stremio_symbol.png" "Mozilla/5.0 (Web0S; Linux/SmartTV) AppleWebKit/537.36 (KHTML, like Gecko) Chrome/68.0.3440.106 Safari/537.36 WebAppManager"
[2026-09-07T03:05:37.149Z]  "GET /c481b4ee6204120b7f96df01bbbbe5eb28c82c31/styles/main.css" "Mozilla/5.0 (Web0S; Linux/SmartTV) AppleWebKit/537.36 (KHTML, like Gecko) Chrome/68.0.3440.106 Safari/537.36 WebAppManager"
[2026-09-07T03:05:38.034Z]  "GET /" "Mozilla/5.0 (Web0S; Linux/SmartTV) AppleWebKit/537.36 (KHTML, like Gecko) Chrome/68.0.3440.106 Safari/537.36 WebAppManager"
[2026-09-07T03:05:38.066Z]  "GET /webos/webOSTV.js" "Mozilla/5.0 (Web0S; Linux/SmartTV) AppleWebKit/537.36 (KHTML, like Gecko) Chrome/68.0.3440.106 Safari/537.36 WebAppManager"
[2026-09-07T03:05:38.070Z]  "GET /c481b4ee6204120b7f96df01bbbbe5eb28c82c31/styles/main.css" "Mozilla/5.0 (Web0S; Linux/SmartTV) AppleWebKit/537.36 (KHTML, like Gecko) Chrome/68.0.3440.106 Safari/537.36 WebAppManager"
[2026-09-07T03:05:38.071Z]  "GET /c481b4ee6204120b7f96df01bbbbe5eb28c82c31/scripts/main.js" "Mozilla/5.0 (Web0S; Linux/SmartTV) AppleWebKit/537.36 (KHTML, like Gecko) Chrome/68.0.3440.106 Safari/537.36 WebAppManager"
[2026-09-07T03:05:38.072Z]  "GET /c481b4ee6204120b7f96df01bbbbe5eb28c82c31/scripts/worker.js" "Mozilla/5.0 (Web0S; Linux/SmartTV) AppleWebKit/537.36 (KHTML, like Gecko) Chrome/68.0.3440.106 Safari/537.36 WebAppManager"
[2026-09-07T03:05:38.874Z]  "GET /c481b4ee6204120b7f96df01bbbbe5eb28c82c31/scripts/worker.js" "Mozilla/5.0 (Web0S; Linux/SmartTV) AppleWebKit/537.36 (KHTML, like Gecko) Chrome/68.0.3440.106 Safari/537.36 WebAppManager"
[2026-09-07T03:05:39.393Z]  "GET /c481b4ee6204120b7f96df01bbbbe5eb28c82c31/binaries/stremio_core_web_bg.wasm" "Mozilla/5.0 (Web0S; Linux/SmartTV) AppleWebKit/537.36 (KHTML, like Gecko) Chrome/68.0.3440.106 Safari/537.36 WebAppManager"
[2026-09-07T03:05:41.756Z]  "GET /fonts/PlusJakartaSans.ttf" "Mozilla/5.0 (Web0S; Linux/SmartTV) AppleWebKit/537.36 (KHTML, like Gecko) Chrome/68.0.3440.106 Safari/537.36 WebAppManager"
[2026-09-07T03:05:41.783Z]  "GET /images/stremio_symbol.png" "Mozilla/5.0 (Web0S; Linux/SmartTV) AppleWebKit/537.36 (KHTML, like Gecko) Chrome/68.0.3440.106 Safari/537.36 WebAppManager"
[2026-09-07T03:05:41.810Z]  "GET /images/stremio_symbol.png" "Mozilla/5.0 (Web0S; Linux/SmartTV) AppleWebKit/537.36 (KHTML, like Gecko) Chrome/68.0.3440.106 Safari/537.36 WebAppManager"
[2026-09-07T03:05:44.117Z]  "GET /c481b4ee6204120b7f96df01bbbbe5eb28c82c31/styles/main.css" "Mozilla/5.0 (Web0S; Linux/SmartTV) AppleWebKit/537.36 (KHTML, like Gecko) Chrome/68.0.3440.106 Safari/537.36 WebAppManager"
[2026-09-07T03:05:44.993Z]  "GET /" "Mozilla/5.0 (Web0S; Linux/SmartTV) AppleWebKit/537.36 (KHTML, like Gecko) Chrome/68.0.3440.106 Safari/537.36 WebAppManager"
[2026-09-07T03:05:45.014Z]  "GET /webos/webOSTV.js" "Mozilla/5.0 (Web0S; Linux/SmartTV) AppleWebKit/537.36 (KHTML, like Gecko) Chrome/68.0.3440.106 Safari/537.36 WebAppManager"
[2026-09-07T03:05:45.015Z]  "GET /c481b4ee6204120b7f96df01bbbbe5eb28c82c31/styles/main.css" "Mozilla/5.0 (Web0S; Linux/SmartTV) AppleWebKit/537.36 (KHTML, like Gecko) Chrome/68.0.3440.106 Safari/537.36 WebAppManager"
[2026-09-07T03:05:45.016Z]  "GET /c481b4ee6204120b7f96df01bbbbe5eb28c82c31/scripts/main.js" "Mozilla/5.0 (Web0S; Linux/SmartTV) AppleWebKit/537.36 (KHTML, like Gecko) Chrome/68.0.3440.106 Safari/537.36 WebAppManager"
[2026-09-07T03:05:45.023Z]  "GET /c481b4ee6204120b7f96df01bbbbe5eb28c82c31/scripts/worker.js" "Mozilla/5.0 (Web0S; Linux/SmartTV) AppleWebKit/537.36 (KHTML, like Gecko) Chrome/68.0.3440.106 Safari/537.36 WebAppManager"
[2026-09-07T03:05:45.543Z]  "GET /c481b4ee6204120b7f96df01bbbbe5eb28c82c31/scripts/worker.js" "Mozilla/5.0 (Web0S; Linux/SmartTV) AppleWebKit/537.36 (KHTML, like Gecko) Chrome/68.0.3440.106 Safari/537.36 WebAppManager"
[2026-09-07T03:05:46.016Z]  "GET /c481b4ee6204120b7f96df01bbbbe5eb28c82c31/binaries/stremio_core_web_bg.wasm" "Mozilla/5.0 (Web0S; Linux/SmartTV) AppleWebKit/537.36 (KHTML, like Gecko) Chrome/68.0.3440.106 Safari/537.36 WebAppManager"
[2026-09-07T03:05:48.300Z]  "GET /fonts/PlusJakartaSans.ttf" "Mozilla/5.0 (Web0S; Linux/SmartTV) AppleWebKit/537.36 (KHTML, like Gecko) Chrome/68.0.3440.106 Safari/537.36 WebAppManager"
[2026-09-07T03:05:48.455Z]  "GET /images/empty.png" "Mozilla/5.0 (Web0S; Linux/SmartTV) AppleWebKit/537.36 (KHTML, like Gecko) Chrome/68.0.3440.106 Safari/537.36 WebAppManager"
[2026-09-07T03:05:50.714Z]  "GET /c481b4ee6204120b7f96df01bbbbe5eb28c82c31/styles/main.css" "Mozilla/5.0 (Web0S; Linux/SmartTV) AppleWebKit/537.36 (KHTML, like Gecko) Chrome/68.0.3440.106 Safari/537.36 WebAppManager"
[2026-09-07T03:07:11.106Z]  "GET /images/stremio_symbol.png" "Mozilla/5.0 (Web0S; Linux/SmartTV) AppleWebKit/537.36 (KHTML, like Gecko) Chrome/68.0.3440.106 Safari/537.36 WebAppManager"
[2026-09-07T03:07:11.125Z]  "GET /images/stremio_symbol.png" "Mozilla/5.0 (Web0S; Linux/SmartTV) AppleWebKit/537.36 (KHTML, like Gecko) Chrome/68.0.3440.106 Safari/537.36 WebAppManager"
